validations:
2000-3000

1000: Oops! Something went wrong.
2000: username not available.
2001: This mobile no is already registered
2002: This email id is already registered
2003: Password is incorrect.
2004: Username does not exist
2005: User is not logged in
2006: Session Token does not match
2007: Topic already exists

